---
source: crates/swc-react-native-worklets/tests/transform_test.rs
expression: out
---
const _worklet_1593020561114_init_data = {
    code: "function add_SampleTs1(a, b) {\n    return a + b;\n}",
    location: "Sample.ts"
};
const add = (function add_SampleTs1Factory({ _worklet_1593020561114_init_data }) {
    const _e = [
        new global.Error(),
        1,
        -27
    ];
    const add = function add(a, b) {
        return a + b;
    };
    add.__closure = {};
    add.__workletHash = 1593020561114;
    add.__pluginVersion = "test";
    add.__initData = _worklet_1593020561114_init_data;
    add.__stackDetails = _e;
    return add;
})({
    _worklet_1593020561114_init_data
});
