---
source: crates/swc-react-native-worklets/tests/transform_test.rs
expression: out
---
const _worklet_6229634975632_init_data = {
    code: "function fn_SampleTs1() {\n    return Math.random();\n}",
    location: "Sample.ts"
};
const fn = (function fn_SampleTs1Factory({ _worklet_6229634975632_init_data }) {
    const _e = [
        new global.Error(),
        1,
        -27
    ];
    const fn = function fn() {
        return Math.random();
    };
    fn.__closure = {};
    fn.__workletHash = 6229634975632;
    fn.__pluginVersion = "test";
    fn.__initData = _worklet_6229634975632_init_data;
    fn.__stackDetails = _e;
    return fn;
})({
    _worklet_6229634975632_init_data
});
